[    40s] rho=0.000625  stock   seed=0 wl=0.5807
[    80s] rho=0.000625  stock   seed=1 wl=0.5735
[   120s] rho=0.000625  stock   seed=2 wl=0.5778
[   160s] rho=0.000625  stock   seed=3 wl=0.5927
[   201s] rho=0.000625  stock   seed=4 wl=0.5945
[   250s] rho=0.000625  policy  seed=0 wl=0.6090
[   294s] rho=0.000625  policy  seed=1 wl=0.5790
[   338s] rho=0.000625  policy  seed=2 wl=0.5767
[   382s] rho=0.000625  policy  seed=3 wl=0.6290
[   426s] rho=0.000625  policy  seed=4 wl=0.5940
[   469s] rho=0.0025    stock   seed=0 wl=0.4454
[   511s] rho=0.0025    stock   seed=1 wl=0.4435
[   555s] rho=0.0025    stock   seed=2 wl=0.4398
[   599s] rho=0.0025    stock   seed=3 wl=0.4570
[   643s] rho=0.0025    stock   seed=4 wl=0.4426
[   687s] rho=0.0025    policy  seed=0 wl=0.4862
[   732s] rho=0.0025    policy  seed=1 wl=0.4715
[   776s] rho=0.0025    policy  seed=2 wl=0.4775
[   819s] rho=0.0025    policy  seed=3 wl=0.4921
[   862s] rho=0.0025    policy  seed=4 wl=0.4805
[   909s] rho=0.01      stock   seed=0 wl=0.3633
[   956s] rho=0.01      stock   seed=1 wl=0.3605
[  1004s] rho=0.01      stock   seed=2 wl=0.3612
[  1051s] rho=0.01      stock   seed=3 wl=0.3638
[  1097s] rho=0.01      stock   seed=4 wl=0.3647
[  1146s] rho=0.01      policy  seed=0 wl=0.4065
[  1195s] rho=0.01      policy  seed=1 wl=0.3975
[  1243s] rho=0.01      policy  seed=2 wl=0.4021
[  1292s] rho=0.01      policy  seed=3 wl=0.4044
[  1340s] rho=0.01      policy  seed=4 wl=0.4042
[  1392s] rho=0.04      stock   seed=0 wl=0.3343
[  1443s] rho=0.04      stock   seed=1 wl=0.3297
[  1495s] rho=0.04      stock   seed=2 wl=0.3330
[  1546s] rho=0.04      stock   seed=3 wl=0.3327
[  1598s] rho=0.04      stock   seed=4 wl=0.3345
[  1656s] rho=0.04      policy  seed=0 wl=0.3304
[  1715s] rho=0.04      policy  seed=1 wl=0.3306
[  1772s] rho=0.04      policy  seed=2 wl=0.3290
[  1831s] rho=0.04      policy  seed=3 wl=0.3305
[  1890s] rho=0.04      policy  seed=4 wl=0.3293
[  1941s] rho=0.16      stock   seed=0 wl=0.3252
[  1993s] rho=0.16      stock   seed=1 wl=0.3236
[  2045s] rho=0.16      stock   seed=2 wl=0.3244
[  2097s] rho=0.16      stock   seed=3 wl=0.3242
[  2149s] rho=0.16      stock   seed=4 wl=0.3245
[  2208s] rho=0.16      policy  seed=0 wl=0.3216
[  2267s] rho=0.16      policy  seed=1 wl=0.3213
[  2326s] rho=0.16      policy  seed=2 wl=0.3215
[  2385s] rho=0.16      policy  seed=3 wl=0.3214
[  2444s] rho=0.16      policy  seed=4 wl=0.3218
done in 2444s -> experiment/results/sweep.json
