[    39s] rho=0.000625  bounded-stock      seed=0 wl=0.5807
[    80s] rho=0.000625  bounded-stock      seed=1 wl=0.5735
[   120s] rho=0.000625  bounded-stock      seed=2 wl=0.5778
[   160s] rho=0.000625  bounded-stock      seed=3 wl=0.5927
[   200s] rho=0.000625  bounded-stock      seed=4 wl=0.5945
[   248s] rho=0.000625  bounded-policy     seed=0 wl=0.5826
[   283s] rho=0.000625  bounded-policy     seed=1 wl=0.5643
[   319s] rho=0.000625  bounded-policy     seed=2 wl=0.5566
[   354s] rho=0.000625  bounded-policy     seed=3 wl=0.6180
[   391s] rho=0.000625  bounded-policy     seed=4 wl=0.5855
[   428s] rho=0.000625  unbounded-stock    seed=0 wl=0.5616
[   465s] rho=0.000625  unbounded-stock    seed=1 wl=0.5228
[   508s] rho=0.000625  unbounded-stock    seed=2 wl=0.4992
[   545s] rho=0.000625  unbounded-stock    seed=3 wl=0.5229
[   584s] rho=0.000625  unbounded-stock    seed=4 wl=0.5497
[   636s] rho=0.000625  unbounded-policy   seed=0 wl=0.6104
[   674s] rho=0.000625  unbounded-policy   seed=1 wl=0.5992
[   711s] rho=0.000625  unbounded-policy   seed=2 wl=0.6359
[   747s] rho=0.000625  unbounded-policy   seed=3 wl=0.6363
[   783s] rho=0.000625  unbounded-policy   seed=4 wl=0.6366
[   824s] rho=0.0025    bounded-stock      seed=0 wl=0.4454
[   864s] rho=0.0025    bounded-stock      seed=1 wl=0.4435
[   906s] rho=0.0025    bounded-stock      seed=2 wl=0.4398
[   947s] rho=0.0025    bounded-stock      seed=3 wl=0.4570
[   989s] rho=0.0025    bounded-stock      seed=4 wl=0.4426
[  1025s] rho=0.0025    bounded-policy     seed=0 wl=0.4740
[  1062s] rho=0.0025    bounded-policy     seed=1 wl=0.4621
[  1101s] rho=0.0025    bounded-policy     seed=2 wl=0.4680
[  1139s] rho=0.0025    bounded-policy     seed=3 wl=0.4913
[  1175s] rho=0.0025    bounded-policy     seed=4 wl=0.4767
[  1222s] rho=0.0025    unbounded-stock    seed=0 wl=0.3948
[  1264s] rho=0.0025    unbounded-stock    seed=1 wl=0.4196
[  1305s] rho=0.0025    unbounded-stock    seed=2 wl=0.4310
[  1347s] rho=0.0025    unbounded-stock    seed=3 wl=0.4190
[  1389s] rho=0.0025    unbounded-stock    seed=4 wl=0.4151
[  1425s] rho=0.0025    unbounded-policy   seed=0 wl=0.4906
[  1461s] rho=0.0025    unbounded-policy   seed=1 wl=0.4886
[  1497s] rho=0.0025    unbounded-policy   seed=2 wl=0.4993
[  1533s] rho=0.0025    unbounded-policy   seed=3 wl=0.4918
[  1569s] rho=0.0025    unbounded-policy   seed=4 wl=0.5068
[  1616s] rho=0.01      bounded-stock      seed=0 wl=0.3633
[  1662s] rho=0.01      bounded-stock      seed=1 wl=0.3605
[  1709s] rho=0.01      bounded-stock      seed=2 wl=0.3612
[  1756s] rho=0.01      bounded-stock      seed=3 wl=0.3638
[  1803s] rho=0.01      bounded-stock      seed=4 wl=0.3647
[  1845s] rho=0.01      bounded-policy     seed=0 wl=0.4062
[  1896s] rho=0.01      bounded-policy     seed=1 wl=0.3578
[  1945s] rho=0.01      bounded-policy     seed=2 wl=0.3609
[  1993s] rho=0.01      bounded-policy     seed=3 wl=0.3681
[  2042s] rho=0.01      bounded-policy     seed=4 wl=0.3681
[  2092s] rho=0.01      unbounded-stock    seed=0 wl=0.3572
[  2147s] rho=0.01      unbounded-stock    seed=1 wl=0.3419
[  2199s] rho=0.01      unbounded-stock    seed=2 wl=0.3556
[  2253s] rho=0.01      unbounded-stock    seed=3 wl=0.3412
[  2303s] rho=0.01      unbounded-stock    seed=4 wl=0.3498
[  2347s] rho=0.01      unbounded-policy   seed=0 wl=0.4045
[  2390s] rho=0.01      unbounded-policy   seed=1 wl=0.4078
[  2441s] rho=0.01      unbounded-policy   seed=2 wl=0.3797
[  2493s] rho=0.01      unbounded-policy   seed=3 wl=0.3763
[  2541s] rho=0.01      unbounded-policy   seed=4 wl=0.4054
[  2598s] rho=0.04      bounded-stock      seed=0 wl=0.3343
[  2657s] rho=0.04      bounded-stock      seed=1 wl=0.3297
[  2712s] rho=0.04      bounded-stock      seed=2 wl=0.3330
[  2768s] rho=0.04      bounded-stock      seed=3 wl=0.3327
[  2824s] rho=0.04      bounded-stock      seed=4 wl=0.3345
[  2876s] rho=0.04      bounded-policy     seed=0 wl=0.3345
[  2930s] rho=0.04      bounded-policy     seed=1 wl=0.3308
[  2985s] rho=0.04      bounded-policy     seed=2 wl=0.3315
[  3040s] rho=0.04      bounded-policy     seed=3 wl=0.3353
[  3094s] rho=0.04      bounded-policy     seed=4 wl=0.3349
[  3152s] rho=0.04      unbounded-stock    seed=0 wl=0.3303
[  3206s] rho=0.04      unbounded-stock    seed=1 wl=0.3292
[  3258s] rho=0.04      unbounded-stock    seed=2 wl=0.3287
[  3309s] rho=0.04      unbounded-stock    seed=3 wl=0.3247
[  3361s] rho=0.04      unbounded-stock    seed=4 wl=0.3268
[  3411s] rho=0.04      unbounded-policy   seed=0 wl=0.3363
[  3461s] rho=0.04      unbounded-policy   seed=1 wl=0.3375
[  3512s] rho=0.04      unbounded-policy   seed=2 wl=0.3379
[  3564s] rho=0.04      unbounded-policy   seed=3 wl=0.3332
[  3615s] rho=0.04      unbounded-policy   seed=4 wl=0.3354
[  3666s] rho=0.16      bounded-stock      seed=0 wl=0.3252
[  3719s] rho=0.16      bounded-stock      seed=1 wl=0.3236
[  3774s] rho=0.16      bounded-stock      seed=2 wl=0.3244
[  3830s] rho=0.16      bounded-stock      seed=3 wl=0.3242
[  3886s] rho=0.16      bounded-stock      seed=4 wl=0.3245
[  3941s] rho=0.16      bounded-policy     seed=0 wl=0.3283
[  3997s] rho=0.16      bounded-policy     seed=1 wl=0.3239
[  4053s] rho=0.16      bounded-policy     seed=2 wl=0.3258
[  4110s] rho=0.16      bounded-policy     seed=3 wl=0.3279
[  4161s] rho=0.16      bounded-policy     seed=4 wl=0.3238
[  4217s] rho=0.16      unbounded-stock    seed=0 wl=0.3026
[  4273s] rho=0.16      unbounded-stock    seed=1 wl=0.3040
[  4334s] rho=0.16      unbounded-stock    seed=2 wl=0.2825
[  4394s] rho=0.16      unbounded-stock    seed=3 wl=0.3041
[  4457s] rho=0.16      unbounded-stock    seed=4 wl=0.3033
[  4509s] rho=0.16      unbounded-policy   seed=0 wl=0.3254
[  4561s] rho=0.16      unbounded-policy   seed=1 wl=0.3258
[  4613s] rho=0.16      unbounded-policy   seed=2 wl=0.3261
[  4665s] rho=0.16      unbounded-policy   seed=3 wl=0.3246
[  4716s] rho=0.16      unbounded-policy   seed=4 wl=0.3194
done in 4716s -> experiment/results/sweep.json
